01      01      INST\ACBSDRM    128
02      02      INST\BSDRUM1    128
03      03      INST\ACSNARE    128
04      04      INST\ESNARE     128
05      05      INST\HIHATCL    128
06      06      INST\HIHATOPN   128
07      07      INST\RIDECYM    128
08      08      INST\GUIRO-S    128
09      09      INST\GUIRO-L    128

10      10      INST\MUSICBOX   128
12      12      INST\MARIMBA    128
13      13      INST\XYLOPHON   128
14      14      INST\TUBEBELL   128
15      15      INST\SANTUR     128
17      17      INST\ORGAN2     128
20      20      INST\REEDORGN   128
28      28      INST\MUTEDGTR   128
32      32      INST\ACOUBASS   128
35      35      INST\FTLSBASS   128
36      36      INST\SLAPBASS   128
38      38      INST\SYNBASS1   128
39      39      INST\SYNBASS2   128
40      40      INST\VIOLIN     128
41      41      INST\VIOLA      128
42      42      INST\CELLO      128
43      43      INST\CONTRABS   128
45      45      INST\PIZZSTR    128
46      46      INST\HARP       128
47      47      INST\TIMPANI    128
48      48      INST\STRINGS    128
52      52      INST\CHRL-AHS   128
55      55      INST\ORCHAHIT   128
56      56      INST\TRUMPET    128
57      57      INST\TROMBONE   128
58      58      INST\TUBA       128
60      60      INST\FRHORN     128
61      61      INST\BRASS      128
62      62      INST\SYNBRAS1   128
63      63      INST\SYNBRAS2   128
68      68      INST\OBOE       128
69      69      INST\ENGLHORN   128
70      70      INST\BASSOON    128
71      71      INST\CLARINET   128
72      72      INST\PICCOLO    128
73      73      INST\FLUTE      128
75      75      INST\PANFLUTE   128
77      77      INST\SHUKUHAC   128
81      81      INST\SAWWAVE    128
84      84      INST\CHARANG    128
85      85      INST\SOLOVOX    128
86      86      INST\5THSAW     128
87      87      INST\BS&LEAD    128
88      88      INST\FANTASIA   128
90      90      INST\POLYSYN    128
92      92      INST\BOWDGLAS   128
93      93      INST\METALPAD   128
95      95      INST\SWEEPPAD   128
97      97      INST\SOUNDTRK   128
99      99      INST\ATMOSPHR   128
102     102     INST\ECHODROP   128
118     118     INST\SYNDRUM    128
119     119     INST\REVRSCYM   128
127     127     INST\GUNSHOTS   128

# Drums

163     163     INST\ACBSDRM    128
164     164     INST\BSDRUM1    128
166     166     INST\ACSNARE    128
168     168     INST\ESNARE     128
170     170     INST\HIHATCL    128
174     174     INST\HIHATOPN   128
179     179     INST\RIDECYM    128
201     201     INST\GUIRO-S    128
202     202     INST\GUIRO-L    128

