
 Start  Stop   Length Name               Class

 00000H 02137H 02138H _TEXT              CODE
 02138H 02789H 00652H SNDLINK_TEXT       CODE
 0278AH 02C43H 004BAH CMDLIB_TEXT        CODE
 02C44H 02DF1H 001AEH SCRIPLIB_TEXT      CODE
 02E00H 02E00H 00000H _FARDATA           FAR_DATA
 02E00H 02E00H 00000H _FARBSS            FAR_BSS
 02E00H 02E00H 00000H _OVERLAY_          OVRINFO
 02E00H 02E00H 00000H _1STUB_            STUBSEG
 02E00H 03859H 00A5AH _DATA              DATA
 0385AH 0385BH 00002H _CVTSEG            DATA
 0385CH 03861H 00006H _SCNSEG            DATA
 03862H 03862H 00000H _CONST             CONST
 03862H 0386DH 0000CH _INIT_             INITDATA
 0386EH 0386EH 00000H _INITEND_          INITDATA
 0386EH 0386EH 00000H _EXIT_             EXITDATA
 0386EH 0386EH 00000H _EXITEND_          EXITDATA
 0386EH 03C2DH 003C0H _BSS               BSS
 03C2EH 03C2EH 00000H _BSSEND            BSSEND
 03C30H 03CAFH 00080H _STACK             STACK

Program entry point at 0000:0000

